ModuleID	Language	Version
s72	i2	s32
ModuleSignature	ModuleID	Language
foobar.8E012345_0123_4567_0123_0123456789AB	1033	1.2.3.4
